// Jest Snapshot v1, https://goo.gl/fbAQLP

exports[`Component Card is Rendering should match snapshot card information 1`] = `
.c0 {
  display: -webkit-box;
  display: -webkit-flex;
  display: -ms-flexbox;
  display: flex;
  -webkit-flex-direction: column;
  -ms-flex-direction: column;
  flex-direction: column;
  margin: 30px 15px;
  width: 400px;
}

.c4 {
  object-fit: cover;
  min-width: 208px;
  padding: 3px;
  box-shadow: rgba(0,0,0,0.1) 0px 1px 3px 0px,rgba(0,0,0,0.06) 0px 1px 2px 0px;
}

.c1 {
  height: 100%;
  border-top-right-radius: 4px;
  border-top-left-radius: 4px;
  display: -webkit-box;
  display: -webkit-flex;
  display: -ms-flexbox;
  display: flex;
  -webkit-flex-direction: column;
  -ms-flex-direction: column;
  flex-direction: column;
  -webkit-align-items: center;
  -webkit-box-align: center;
  -ms-flex-align: center;
  align-items: center;
  padding: 0px 20px;
  box-shadow: rgba(0,0,0,0.1) 0px 1px 3px 0px,rgba(0,0,0,0.06) 0px 1px 2px 0px;
}

.c2 {
  width: 100%;
  text-align: initial;
  padding-top: 25px;
  display: -webkit-box;
  display: -webkit-flex;
  display: -ms-flexbox;
  display: flex;
  -webkit-box-pack: center;
  -webkit-justify-content: center;
  -ms-flex-pack: center;
  justify-content: center;
  -webkit-align-items: center;
  -webkit-box-align: center;
  -ms-flex-align: center;
  align-items: center;
  min-height: 60px;
  margin: 0 0 10px;
  font-size: 24px;
  line-height: 28px;
  display: -webkit-box;
  -webkit-line-clamp: 2;
  -webkit-box-orient: vertical;
  overflow: hidden;
  text-overflow: ellipsis;
}

.c3 {
  display: -webkit-box;
  -webkit-line-clamp: 3;
  -webkit-box-orient: vertical;
  overflow: hidden;
  text-overflow: ellipsis;
  font-size: 16px;
  line-height: 20px;
  margin-bottom: 35px;
}

@media (max-width:780px) {
  .c0 {
    width: 100% !important;
    height: auto !important;
    -webkit-flex-direction: column-reverse !important;
    -ms-flex-direction: column-reverse !important;
    flex-direction: column-reverse !important;
  }
}

@media (max-width:780px) {
  .c4 {
    width: 100%;
    height: auto;
  }
}

@media (max-width:780px) {
  .c2 {
    -webkit-line-clamp: 4;
  }
}

<div>
  <div
    class="c0 card__container"
  >
    <a
      href="/news/Title%20News"
      style="width: 100%;"
    >
      <div
        class="c1"
      >
        <h2
          class="c2"
        >
          Title News
        </h2>
        <p
          class="c3"
        >
          Subtitle News
        </p>
      </div>
    </a>
    <img
      class="c4"
      decoding="async"
      loading="lazy"
      src="https://static01.nyt.com/images/2022/01/15/us/politics/15voting-rights-3/15voting-rights-3-superJumbo.jpg"
    />
  </div>
</div>
`;
